9
265
0
1
8
264
0
1
7
263
0
1
6
262
0
1
5
261
0
1
4
260
0
1
3
259
0
1
2
258
0
1
1
257
0
1
0
256
0
1
